========================================================================
J16 TEAMCENTER X STANDALONE DRAWING IMPORT
Build: J16-TCX-DRAWING-IMPORT-NX2506-V6 | Mode: APPLY_APPROVED
Runtime target: NX X 2506 only
Checkout rule: every existing checkout blocks that row
Success rule: exact-target re-export SHA-256 must match source
Input: C:\Users\my62022696\Desktop\TO- AQIL-CIB DRAWINGS-29.7.26\NX_TC_DRAWING_IMPORT.csv
Evidence: C:\Users\my62022696\Desktop\TO- AQIL-CIB DRAWINGS-29.7.26\J16_EVIDENCE_20260731_154121
========================================================================
UF Clone binding: NXOpen.UF.Clone
UF Clone resolved enums: OperationClass.IMPORT_OPERATION; FamilyTreatment.TREAT_AS_LOST; NamingTechnique.AUTOTRANSLATE; Action.USE_EXISTING, Action.OVERWRITE
  CHECKOUT @DB/264MN028532A01/A/specification/264MN028532A01-A-dwg1: state=CHECKED_IN; owner=<blank>; opened=@DB/264MN028532A01/A/specification/264MN028532A01-A-dwg1
  BLOCKED @DB/264MN028532A01/A/specification/264MN028532A01-A-dwg1: Could not export and fingerprint the exact Teamcenter drawing before clone preflight. | RuntimeError - Could not export the exact UGPART specification. Attempts: has specification: RuntimeError - Export returned no native .prt file for the target. || specification: NXException:920002 - Error - object does not exist. || IMAN_specification: NXException:920002 - Error - object does not exist.
  CHECKOUT @DB/264MN028483A01/A/specification/264MN028483A01-A-dwg1: state=CHECKED_IN; owner=<blank>; opened=@DB/264MN028483A01/A/specification/264MN028483A01-A-dwg1
  BLOCKED @DB/264MN028483A01/A/specification/264MN028483A01-A-dwg1: Could not export and fingerprint the exact Teamcenter drawing before clone preflight. | RuntimeError - Could not export the exact UGPART specification. Attempts: has specification: RuntimeError - Export returned no native .prt file for the target. || specification: NXException:920002 - Error - object does not exist. || IMAN_specification: NXException:920002 - Error - object does not exist.
  CHECKOUT @DB/264MN028480A01/A/specification/264MN028480A01-A-dwg1: state=CHECKED_IN; owner=<blank>; opened=@DB/264MN028480A01/A/specification/264MN028480A01-A-dwg1
  BLOCKED @DB/264MN028480A01/A/specification/264MN028480A01-A-dwg1: Could not export and fingerprint the exact Teamcenter drawing before clone preflight. | RuntimeError - Could not export the exact UGPART specification. Attempts: has specification: RuntimeError - Export returned no native .prt file for the target. || specification: NXException:920002 - Error - object does not exist. || IMAN_specification: NXException:920002 - Error - object does not exist.
  CHECKOUT @DB/264MN026288A01/A/specification/264MN026288A01-A-dwg1: state=CHECKED_IN; owner=<blank>; opened=@DB/264MN026288A01/A/specification/264MN026288A01-A-dwg1
  BLOCKED @DB/264MN026288A01/A/specification/264MN026288A01-A-dwg1: Could not export and fingerprint the exact Teamcenter drawing before clone preflight. | RuntimeError - Could not export the exact UGPART specification. Attempts: has specification: RuntimeError - Export returned no native .prt file for the target. || specification: NXException:920002 - Error - object does not exist. || IMAN_specification: NXException:920002 - Error - object does not exist.
  CHECKOUT @DB/264MN026208A01/A/specification/264MN026208A01-A-dwg1: state=CHECKED_IN; owner=<blank>; opened=@DB/264MN026208A01/A/specification/264MN026208A01-A-dwg1
  BLOCKED @DB/264MN026208A01/A/specification/264MN026208A01-A-dwg1: Could not export and fingerprint the exact Teamcenter drawing before clone preflight. | RuntimeError - Could not export the exact UGPART specification. Attempts: has specification: RuntimeError - Export returned no native .prt file for the target. || specification: NXException:920002 - Error - object does not exist. || IMAN_specification: NXException:920002 - Error - object does not exist.
  CHECKOUT @DB/264MN026207A01/A/specification/264MN026207A01-A-dwg1: state=CHECKED_IN; owner=<blank>; opened=@DB/264MN026207A01/A/specification/264MN026207A01-A-dwg1
  BLOCKED @DB/264MN026207A01/A/specification/264MN026207A01-A-dwg1: Could not export and fingerprint the exact Teamcenter drawing before clone preflight. | RuntimeError - Could not export the exact UGPART specification. Attempts: has specification: RuntimeError - Export returned no native .prt file for the target. || specification: NXException:920002 - Error - object does not exist. || IMAN_specification: NXException:920002 - Error - object does not exist.
  CHECKOUT @DB/264MN026206A01/A/specification/264MN026206A01-A-dwg1: state=CHECKED_IN; owner=<blank>; opened=@DB/264MN026206A01/A/specification/264MN026206A01-A-dwg1
  BLOCKED @DB/264MN026206A01/A/specification/264MN026206A01-A-dwg1: Could not export and fingerprint the exact Teamcenter drawing before clone preflight. | RuntimeError - Could not export the exact UGPART specification. Attempts: has specification: RuntimeError - Export returned no native .prt file for the target. || specification: NXException:920002 - Error - object does not exist. || IMAN_specification: NXException:920002 - Error - object does not exist.
  CHECKOUT @DB/264MN026202A01/A/specification/264MN026202A01-A-dwg1: state=CHECKED_IN; owner=<blank>; opened=@DB/264MN026202A01/A/specification/264MN026202A01-A-dwg1
  BLOCKED @DB/264MN026202A01/A/specification/264MN026202A01-A-dwg1: Could not export and fingerprint the exact Teamcenter drawing before clone preflight. | RuntimeError - Could not export the exact UGPART specification. Attempts: has specification: RuntimeError - Export returned no native .prt file for the target. || specification: NXException:920002 - Error - object does not exist. || IMAN_specification: NXException:920002 - Error - object does not exist.
  CHECKOUT @DB/264MN026183A01/A/specification/264MN026183A01-A-dwg1: state=CHECKED_IN; owner=<blank>; opened=@DB/264MN026183A01/A/specification/264MN026183A01-A-dwg1
  BLOCKED @DB/264MN026183A01/A/specification/264MN026183A01-A-dwg1: Could not export and fingerprint the exact Teamcenter drawing before clone preflight. | RuntimeError - Could not export the exact UGPART specification. Attempts: has specification: RuntimeError - Export returned no native .prt file for the target. || specification: NXException:920002 - Error - object does not exist. || IMAN_specification: NXException:920002 - Error - object does not exist.
  CHECKOUT @DB/264MN026154A01/A/specification/264MN026154A01-A-dwg1: state=CHECKED_IN; owner=<blank>; opened=@DB/264MN026154A01/A/specification/264MN026154A01-A-dwg1
  BLOCKED @DB/264MN026154A01/A/specification/264MN026154A01-A-dwg1: Could not export and fingerprint the exact Teamcenter drawing before clone preflight. | RuntimeError - Could not export the exact UGPART specification. Attempts: has specification: RuntimeError - Export returned no native .prt file for the target. || specification: NXException:920002 - Error - object does not exist. || IMAN_specification: NXException:920002 - Error - object does not exist.
  CHECKOUT @DB/264MN025296A01/A/specification/264MN025296A01-A-dwg1: state=CHECKED_IN; owner=<blank>; opened=@DB/264MN025296A01/A/specification/264MN025296A01-A-dwg1
  BLOCKED @DB/264MN025296A01/A/specification/264MN025296A01-A-dwg1: Could not export and fingerprint the exact Teamcenter drawing before clone preflight. | RuntimeError - Could not export the exact UGPART specification. Attempts: has specification: RuntimeError - Export returned no native .prt file for the target. || specification: NXException:920002 - Error - object does not exist. || IMAN_specification: NXException:920002 - Error - object does not exist.
  CHECKOUT @DB/264MN025203A01/A/specification/264MN025203A01-A-dwg1: state=CHECKED_IN; owner=<blank>; opened=@DB/264MN025203A01/A/specification/264MN025203A01-A-dwg1
  BLOCKED @DB/264MN025203A01/A/specification/264MN025203A01-A-dwg1: Could not export and fingerprint the exact Teamcenter drawing before clone preflight. | RuntimeError - Could not export the exact UGPART specification. Attempts: has specification: RuntimeError - Export returned no native .prt file for the target. || specification: NXException:920002 - Error - object does not exist. || IMAN_specification: NXException:920002 - Error - object does not exist.
  CHECKOUT @DB/264MN024660A01/A/specification/264MN024660A01-A-dwg1: state=CHECKED_IN; owner=<blank>; opened=@DB/264MN024660A01/A/specification/264MN024660A01-A-dwg1
  BLOCKED @DB/264MN024660A01/A/specification/264MN024660A01-A-dwg1: Could not export and fingerprint the exact Teamcenter drawing before clone preflight. | RuntimeError - Could not export the exact UGPART specification. Attempts: has specification: RuntimeError - Export returned no native .prt file for the target. || specification: NXException:920002 - Error - object does not exist. || IMAN_specification: NXException:920002 - Error - object does not exist.
  CHECKOUT @DB/264MN024659A01/A/specification/264MN024659A01-A-dwg1: state=CHECKED_IN; owner=<blank>; opened=@DB/264MN024659A01/A/specification/264MN024659A01-A-dwg1
  BLOCKED @DB/264MN024659A01/A/specification/264MN024659A01-A-dwg1: Could not export and fingerprint the exact Teamcenter drawing before clone preflight. | RuntimeError - Could not export the exact UGPART specification. Attempts: has specification: RuntimeError - Export returned no native .prt file for the target. || specification: NXException:920002 - Error - object does not exist. || IMAN_specification: NXException:920002 - Error - object does not exist.
  CHECKOUT @DB/264MN024658A01/A/specification/264MN024658A01-A-dwg1: state=CHECKED_IN; owner=<blank>; opened=@DB/264MN024658A01/A/specification/264MN024658A01-A-dwg1
  BLOCKED @DB/264MN024658A01/A/specification/264MN024658A01-A-dwg1: Could not export and fingerprint the exact Teamcenter drawing before clone preflight. | RuntimeError - Could not export the exact UGPART specification. Attempts: has specification: RuntimeError - Export returned no native .prt file for the target. || specification: NXException:920002 - Error - object does not exist. || IMAN_specification: NXException:920002 - Error - object does not exist.
  CHECKOUT @DB/264MN024656A01/A/specification/264MN024656A01-A-dwg1: state=CHECKED_IN; owner=<blank>; opened=@DB/264MN024656A01/A/specification/264MN024656A01-A-dwg1
  BLOCKED @DB/264MN024656A01/A/specification/264MN024656A01-A-dwg1: Could not export and fingerprint the exact Teamcenter drawing before clone preflight. | RuntimeError - Could not export the exact UGPART specification. Attempts: has specification: RuntimeError - Export returned no native .prt file for the target. || specification: NXException:920002 - Error - object does not exist. || IMAN_specification: NXException:920002 - Error - object does not exist.
  CHECKOUT @DB/264MN024655A01/A/specification/264MN024655A01-A-dwg1: state=CHECKED_IN; owner=<blank>; opened=@DB/264MN024655A01/A/specification/264MN024655A01-A-dwg1
  BLOCKED @DB/264MN024655A01/A/specification/264MN024655A01-A-dwg1: Could not export and fingerprint the exact Teamcenter drawing before clone preflight. | RuntimeError - Could not export the exact UGPART specification. Attempts: has specification: RuntimeError - Export returned no native .prt file for the target. || specification: NXException:920002 - Error - object does not exist. || IMAN_specification: NXException:920002 - Error - object does not exist.
  CHECKOUT @DB/264MN024654A01/A/specification/264MN024654A01-A-dwg1: state=CHECKED_IN; owner=<blank>; opened=@DB/264MN024654A01/A/specification/264MN024654A01-A-dwg1
  BLOCKED @DB/264MN024654A01/A/specification/264MN024654A01-A-dwg1: Could not export and fingerprint the exact Teamcenter drawing before clone preflight. | RuntimeError - Could not export the exact UGPART specification. Attempts: has specification: RuntimeError - Export returned no native .prt file for the target. || specification: NXException:920002 - Error - object does not exist. || IMAN_specification: NXException:920002 - Error - object does not exist.
  CHECKOUT @DB/264MN024653A01/A/specification/264MN024653A01-A-dwg1: state=CHECKED_IN; owner=<blank>; opened=@DB/264MN024653A01/A/specification/264MN024653A01-A-dwg1
  BLOCKED @DB/264MN024653A01/A/specification/264MN024653A01-A-dwg1: Could not export and fingerprint the exact Teamcenter drawing before clone preflight. | RuntimeError - Could not export the exact UGPART specification. Attempts: has specification: RuntimeError - Export returned no native .prt file for the target. || specification: NXException:920002 - Error - object does not exist. || IMAN_specification: NXException:920002 - Error - object does not exist.
  CHECKOUT @DB/264MN024651A01/A/specification/264MN024651A01-A-dwg1: state=CHECKED_IN; owner=<blank>; opened=@DB/264MN024651A01/A/specification/264MN024651A01-A-dwg1
  BLOCKED @DB/264MN024651A01/A/specification/264MN024651A01-A-dwg1: Could not export and fingerprint the exact Teamcenter drawing before clone preflight. | RuntimeError - Could not export the exact UGPART specification. Attempts: has specification: RuntimeError - Export returned no native .prt file for the target. || specification: NXException:920002 - Error - object does not exist. || IMAN_specification: NXException:920002 - Error - object does not exist.
  CHECKOUT @DB/264MN024562A01/A/specification/264MN024562A01-A-dwg1: state=CHECKED_IN; owner=<blank>; opened=@DB/264MN024562A01/A/specification/264MN024562A01-A-dwg1
  BLOCKED @DB/264MN024562A01/A/specification/264MN024562A01-A-dwg1: Could not export and fingerprint the exact Teamcenter drawing before clone preflight. | RuntimeError - Could not export the exact UGPART specification. Attempts: has specification: RuntimeError - Export returned no native .prt file for the target. || specification: NXException:920002 - Error - object does not exist. || IMAN_specification: NXException:920002 - Error - object does not exist.
  CHECKOUT @DB/264MN021320A01/A/specification/264MN021320A01-A-dwg1: state=CHECKED_IN; owner=<blank>; opened=@DB/264MN021320A01/A/specification/264MN021320A01-A-dwg1
  BLOCKED @DB/264MN021320A01/A/specification/264MN021320A01-A-dwg1: Could not export and fingerprint the exact Teamcenter drawing before clone preflight. | RuntimeError - Could not export the exact UGPART specification. Attempts: has specification: RuntimeError - Export returned no native .prt file for the target. || specification: NXException:920002 - Error - object does not exist. || IMAN_specification: NXException:920002 - Error - object does not exist.
  CHECKOUT @DB/264MN021253A01/A/specification/264MN021253A01-A-dwg1: state=CHECKED_IN; owner=<blank>; opened=@DB/264MN021253A01/A/specification/264MN021253A01-A-dwg1
  BLOCKED @DB/264MN021253A01/A/specification/264MN021253A01-A-dwg1: Could not export and fingerprint the exact Teamcenter drawing before clone preflight. | RuntimeError - Could not export the exact UGPART specification. Attempts: has specification: RuntimeError - Export returned no native .prt file for the target. || specification: NXException:920002 - Error - object does not exist. || IMAN_specification: NXException:920002 - Error - object does not exist.
  CHECKOUT @DB/264MN021252A01/A/specification/264MN021252A01-A-dwg1: state=CHECKED_IN; owner=<blank>; opened=@DB/264MN021252A01/A/specification/264MN021252A01-A-dwg1
  BLOCKED @DB/264MN021252A01/A/specification/264MN021252A01-A-dwg1: Could not export and fingerprint the exact Teamcenter drawing before clone preflight. | RuntimeError - Could not export the exact UGPART specification. Attempts: has specification: RuntimeError - Export returned no native .prt file for the target. || specification: NXException:920002 - Error - object does not exist. || IMAN_specification: NXException:920002 - Error - object does not exist.
  CHECKOUT @DB/264MN021162A01/A/specification/264MN021162A01-A-dwg1: state=CHECKED_IN; owner=<blank>; opened=@DB/264MN021162A01/A/specification/264MN021162A01-A-dwg1
  BLOCKED @DB/264MN021162A01/A/specification/264MN021162A01-A-dwg1: Could not export and fingerprint the exact Teamcenter drawing before clone preflight. | RuntimeError - Could not export the exact UGPART specification. Attempts: has specification: RuntimeError - Export returned no native .prt file for the target. || specification: NXException:920002 - Error - object does not exist. || IMAN_specification: NXException:920002 - Error - object does not exist.
  CHECKOUT @DB/264MN021161A01/A/specification/264MN021161A01-A-dwg1: state=CHECKED_IN; owner=<blank>; opened=@DB/264MN021161A01/A/specification/264MN021161A01-A-dwg1
  BLOCKED @DB/264MN021161A01/A/specification/264MN021161A01-A-dwg1: Could not export and fingerprint the exact Teamcenter drawing before clone preflight. | RuntimeError - Could not export the exact UGPART specification. Attempts: has specification: RuntimeError - Export returned no native .prt file for the target. || specification: NXException:920002 - Error - object does not exist. || IMAN_specification: NXException:920002 - Error - object does not exist.
  CHECKOUT @DB/264MN021160A01/A/specification/264MN021160A01-A-dwg1: state=CHECKED_IN; owner=<blank>; opened=@DB/264MN021160A01/A/specification/264MN021160A01-A-dwg1
  BLOCKED @DB/264MN021160A01/A/specification/264MN021160A01-A-dwg1: Could not export and fingerprint the exact Teamcenter drawing before clone preflight. | RuntimeError - Could not export the exact UGPART specification. Attempts: has specification: RuntimeError - Export returned no native .prt file for the target. || specification: NXException:920002 - Error - object does not exist. || IMAN_specification: NXException:920002 - Error - object does not exist.
  CHECKOUT @DB/264MN021149A01/A/specification/264MN021149A01-A-dwg1: state=CHECKED_IN; owner=<blank>; opened=@DB/264MN021149A01/A/specification/264MN021149A01-A-dwg1
  BLOCKED @DB/264MN021149A01/A/specification/264MN021149A01-A-dwg1: Could not export and fingerprint the exact Teamcenter drawing before clone preflight. | RuntimeError - Could not export the exact UGPART specification. Attempts: has specification: RuntimeError - Export returned no native .prt file for the target. || specification: NXException:920002 - Error - object does not exist. || IMAN_specification: NXException:920002 - Error - object does not exist.
  CHECKOUT @DB/264MN021147A01/A/specification/264MN021147A01-A-dwg1: state=CHECKED_IN; owner=<blank>; opened=@DB/264MN021147A01/A/specification/264MN021147A01-A-dwg1
  BLOCKED @DB/264MN021147A01/A/specification/264MN021147A01-A-dwg1: Could not export and fingerprint the exact Teamcenter drawing before clone preflight. | RuntimeError - Could not export the exact UGPART specification. Attempts: has specification: RuntimeError - Export returned no native .prt file for the target. || specification: NXException:920002 - Error - object does not exist. || IMAN_specification: NXException:920002 - Error - object does not exist.
Report: C:\Users\my62022696\Desktop\TO- AQIL-CIB DRAWINGS-29.7.26\J16_APPLY_APPROVED_20260731_154121.csv
  FAILED_TARGET_BASELINE_EXPORT: 29
FINAL STATUS: FAILED
RuntimeError - J16 completed with one or more failed safety/import rows. Review: C:\Users\my62022696\Desktop\TO- AQIL-CIB DRAWINGS-29.7.26\J16_APPLY_APPROVED_20260731_154121.csv
Traceback (most recent call last):
  File "C:\Program Files\Siemens\NXX2506\NXBIN\python\from_git\journals\16_tc_offline_drawing_import.py", line 1680, in main
    raise RuntimeError(
RuntimeError: J16 completed with one or more failed safety/import rows. Review: C:\Users\my62022696\Desktop\TO- AQIL-CIB DRAWINGS-29.7.26\J16_APPLY_APPROVED_20260731_154121.csv

