========================================================================
J16 TEAMCENTER X STANDALONE DRAWING IMPORT
Build: J16-TCX-DRAWING-IMPORT-NX2506-V2 | Mode: APPLY_APPROVED
Runtime target: NX X 2506 only
Verification: completed clone-log evidence; fail closed if inconclusive
Input: C:\Users\my62022696\Desktop\TEST_IMPORT\NX_TC_DRAWING_IMPORT.csv
========================================================================
UF Clone binding: NXOpen.UF.Clone
UF Clone resolved enums: OperationClass.IMPORT_OPERATION; FamilyTreatment.TREAT_AS_LOST; NamingTechnique.AUTOTRANSLATE; Action.USE_EXISTING, Action.OVERWRITE
  UF Clone returned=True; discovered=2; default=UseExisting; drawing=Overwrite; dry_run=True; log_status=PREFLIGHT_CLEAR
  UF Clone returned=True; discovered=2; default=UseExisting; drawing=Overwrite; dry_run=False; log_status=INCONCLUSIVE
  APPLY NOT VERIFIED: INCONCLUSIVE
Report: C:\Users\my62022696\Desktop\TEST_IMPORT\J16_APPLY_APPROVED_20260729_110808.csv
  FAILED_IMPORT_UNVERIFIED: 1
FINAL STATUS: FAILED
RuntimeError - J16 completed with one or more failed safety/import rows. Review: C:\Users\my62022696\Desktop\TEST_IMPORT\J16_APPLY_APPROVED_20260729_110808.csv
Traceback (most recent call last):
  File "C:\Program Files\Siemens\NXX2506\NXBIN\python\from_git\journals\16_tc_offline_drawing_import.py", line 1325, in main
    raise RuntimeError(
RuntimeError: J16 completed with one or more failed safety/import rows. Review: C:\Users\my62022696\Desktop\TEST_IMPORT\J16_APPLY_APPROVED_20260729_110808.csv

